../Core/Src/stm32f4xx_it.c:74:6:NMI_Handler	4	static
../Core/Src/stm32f4xx_it.c:89:6:HardFault_Handler	4	static
../Core/Src/stm32f4xx_it.c:104:6:MemManage_Handler	4	static
../Core/Src/stm32f4xx_it.c:119:6:BusFault_Handler	4	static
../Core/Src/stm32f4xx_it.c:134:6:UsageFault_Handler	4	static
../Core/Src/stm32f4xx_it.c:149:6:SVC_Handler	4	static
../Core/Src/stm32f4xx_it.c:162:6:DebugMon_Handler	4	static
../Core/Src/stm32f4xx_it.c:175:6:PendSV_Handler	4	static
../Core/Src/stm32f4xx_it.c:188:6:SysTick_Handler	8	static
../Core/Src/stm32f4xx_it.c:209:6:EXTI9_5_IRQHandler	8	static
../Core/Src/stm32f4xx_it.c:225:6:TIM2_IRQHandler	8	static
../Core/Src/stm32f4xx_it.c:239:6:TIM3_IRQHandler	8	static
../Core/Src/stm32f4xx_it.c:253:6:TIM4_IRQHandler	8	static
../Core/Src/stm32f4xx_it.c:267:6:DMA2_Stream1_IRQHandler	8	static
../Core/Src/stm32f4xx_it.c:281:6:DMA2_Stream6_IRQHandler	8	static
../Core/Src/stm32f4xx_it.c:295:6:USART6_IRQHandler	8	static
